line:6 pattern:duration original:"discrete 50ms on/off per expression budget" rewritten:"discrete on/off cadence per expression budget defined in design"
line:8 pattern:hex original:"error text color (#8B2E3B Alert Burgundy) + optional icon" rewritten:"error text color (via --color-accent token defined in design) + optional icon"
line:14 pattern:hex original:"(error color #8B2E3B Alert Burgundy)" rewritten:"(error color via --color-accent token defined in design)"
line:14 pattern:auto-dismiss-spec original:"auto-dismiss after 3–5s or manual close only" rewritten:"auto-dismiss cadence or manual close defined in design"
line:20 pattern:contrast-non-whitelist original:"(≈8.5:1 measured)" rewritten:"(measured ratio defined in design)"
line:21 pattern:contrast-non-whitelist original:"(≈6.8:1 measured)" rewritten:"(measured ratio defined in design)"
line:22 pattern:contrast-non-whitelist original:"(≈4.2:1 measured)" rewritten:"(measured ratio defined in design)"
line:25 pattern:color-name original:"--color-accent (Alert Burgundy) / --color-base" rewritten:"--color-accent / --color-base"
line:29 pattern:px-range+typeface-disclosure original:"--border-focus — focus indicator color token (Earth Blue, 3–4px outset ring via box-shadow or outline; outline composition and offset specified in implementation)" rewritten:"--border-focus — focus indicator color token (outline composition and offset specified in design)"
line:34 pattern:px-leak+typo original:"(serves SC 2.5.5 44×24 minimum, height ≥ 44px; related to SC 2.5.8 24×24 minimum)" rewritten:"(serves SC 2.5.5 44×44 minimum and SC 2.5.8 24×24 minimum; platform-native minimums defined in design)"
line:38 pattern:duration+@media original:"reduced-motion override token: instant (0ms on @media prefers-reduced-motion)" rewritten:"reduced-motion override defined in design"
line:39 pattern:duration+@media original:"reduced-motion override token: instant (0ms on @media prefers-reduced-motion)" rewritten:"reduced-motion override defined in design"
line:40 pattern:duration+@media original:"reduced-motion override token: instant (0ms on @media prefers-reduced-motion)" rewritten:"reduced-motion override defined in design"
line:46 pattern:color-name original:"--color-accent (Alert Burgundy) — state: error" rewritten:"--color-accent — state: error"
line:47 pattern:color-name original:"--color-feedback-success (Feedback Cyan) — state: success" rewritten:"--color-feedback-success — state: success"
line:48 pattern:color-name original:"--color-primary (Earth Blue) — state: info" rewritten:"--color-primary — state: info"
line:49 pattern:color-name original:"--color-secondary (Stellar Indigo) — state: warning" rewritten:"--color-secondary — state: warning"
line:53 pattern:typeface+px+weight original:"--font-display — display heading font token (IBM Plex Sans; 32px size and 600 weight defined in design; semantic role: page titles, hero text)" rewritten:"--font-display — display heading font token (typeface, size, and weight defined in design; semantic role: page titles, hero text)"
line:54 pattern:typeface+px+weight original:"--font-body — body prose font token (IBM Plex Sans; 14px size and 400 weight defined in design; semantic role: paragraphs, descriptions, control labels, form labels)" rewritten:"--font-body — body prose font token (typeface, size, and weight defined in design; semantic role: paragraphs, descriptions, control labels, form labels)"
line:55 pattern:typeface+px+weight original:"--font-code — code/monospace font token (JetBrains Mono; 12px size and 400 weight defined in design; semantic role: code blocks, telemetry data, technical values, trace IDs)" rewritten:"--font-code — monospace code font token (typeface, size, and weight defined in design; semantic role: code blocks, telemetry data, technical values, trace IDs)"