Found 375 mutants to test
ok       Unmutated baseline in 98s build + 2s test
 INFO Auto-set test timeout to 20s
MISSED   crates/buffer/src/appender.rs:50:45: replace || with && in build_spans_record_batch in 8s build + 2s test
MISSED   crates/buffer/src/appender.rs:58:29: replace / with % in build_spans_record_batch in 8s build + 2s test
MISSED   crates/buffer/src/appender.rs:265:29: replace / with % in build_logs_record_batch in 9s build + 2s test
MISSED   crates/buffer/src/appender.rs:410:5: replace hex_lower -> String with String::new() in 8s build + 2s test
MISSED   crates/buffer/src/appender.rs:410:5: replace hex_lower -> String with "xyzzy".into() in 8s build + 2s test
MISSED   crates/buffer/src/appender.rs:448:29: replace += with *= in encode_labels in 8s build + 2s test
MISSED   crates/buffer/src/appender.rs:496:45: replace || with && in build_span_events_record_batch in 8s build + 2s test
MISSED   crates/buffer/src/appender.rs:530:33: replace / with % in build_span_events_record_batch in 8s build + 2s test
MISSED   crates/buffer/src/appender.rs:891:20: replace / with % in push_metric_row in 8s build + 2s test
MISSED   crates/buffer/src/appender.rs:900:5: replace hash_resource -> Vec<u8> with vec![] in 8s build + 2s test
MISSED   crates/buffer/src/appender.rs:900:5: replace hash_resource -> Vec<u8> with vec![0] in 8s build + 2s test
MISSED   crates/buffer/src/appender.rs:900:5: replace hash_resource -> Vec<u8> with vec![1] in 8s build + 2s test
MISSED   crates/buffer/src/appender.rs:914:5: replace hash_resource_logs -> Vec<u8> with vec![] in 8s build + 2s test
MISSED   crates/buffer/src/appender.rs:914:5: replace hash_resource_logs -> Vec<u8> with vec![0] in 8s build + 2s test
MISSED   crates/buffer/src/appender.rs:914:5: replace hash_resource_logs -> Vec<u8> with vec![1] in 8s build + 2s test
MISSED   crates/buffer/src/appender.rs:928:5: replace short_err -> String with String::new() in 8s build + 2s test
MISSED   crates/buffer/src/appender.rs:928:5: replace short_err -> String with "xyzzy".into() in 8s build + 2s test
MISSED   crates/buffer/src/broadcast.rs:51:18: replace > with >= in encode_with_cap in 8s build + 2s test
MISSED   crates/buffer/src/consumer.rs:237:5: replace observe_spans_for_baseline with () in 8s build + 2s test
MISSED   crates/buffer/src/consumer.rs:248:45: replace || with && in observe_spans_for_baseline in 8s build + 2s test
MISSED   crates/buffer/src/consumer.rs:255:48: replace / with % in observe_spans_for_baseline in 8s build + 2s test
MISSED   crates/buffer/src/consumer.rs:255:48: replace / with * in observe_spans_for_baseline in 8s build + 2s test
MISSED   crates/buffer/src/drain.rs:491:37: replace > with == in DrainMiner::assign_at_inner in 8s build + 2s test
MISSED   crates/buffer/src/drain.rs:491:37: replace > with < in DrainMiner::assign_at_inner in 8s build + 2s test
MISSED   crates/buffer/src/drain.rs:491:37: replace > with >= in DrainMiner::assign_at_inner in 8s build + 2s test
MISSED   crates/buffer/src/drain.rs:535:45: replace > with == in DrainMiner::assign_at_inner in 8s build + 2s test
MISSED   crates/buffer/src/drain.rs:535:45: replace > with >= in DrainMiner::assign_at_inner in 8s build + 2s test
MISSED   crates/buffer/src/drain.rs:604:9: replace DrainMiner::take_lru_evictions_since_tick -> u64 with 0 in 8s build + 2s test
MISSED   crates/buffer/src/drain.rs:604:9: replace DrainMiner::take_lru_evictions_since_tick -> u64 with 1 in 8s build + 2s test
MISSED   crates/buffer/src/drain.rs:670:5: replace short_drain_err -> String with String::new() in 8s build + 2s test
MISSED   crates/buffer/src/drain.rs:670:5: replace short_drain_err -> String with "xyzzy".into() in 8s build + 2s test
MISSED   crates/buffer/src/drain.rs:671:25: replace > with == in short_drain_err in 8s build + 2s test
MISSED   crates/buffer/src/drain.rs:671:25: replace > with < in short_drain_err in 8s build + 2s test
MISSED   crates/buffer/src/drain.rs:671:25: replace > with >= in short_drain_err in 7s build + 2s test
MISSED   crates/buffer/src/drain.rs:705:18: replace == with != in walk_down in 8s build + 2s test
MISSED   crates/buffer/src/drain.rs:738:39: replace || with && in find_best_match in 8s build + 2s test
MISSED   crates/buffer/src/drain.rs:738:28: replace > with == in find_best_match in 8s build + 2s test
MISSED   crates/buffer/src/drain.rs:738:28: replace > with < in find_best_match in 8s build + 2s test
MISSED   crates/buffer/src/drain.rs:738:28: replace > with >= in find_best_match in 7s build + 2s test
MISSED   crates/buffer/src/drain.rs:738:59: replace && with || in find_best_match in 8s build + 2s test
MISSED   crates/buffer/src/drain.rs:738:47: replace == with != in find_best_match in 7s build + 2s test
MISSED   crates/buffer/src/drain.rs:738:65: replace < with == in find_best_match in 8s build + 2s test
MISSED   crates/buffer/src/drain.rs:738:65: replace < with > in find_best_match in 7s build + 2s test
MISSED   crates/buffer/src/drain.rs:738:65: replace < with <= in find_best_match in 8s build + 2s test
MISSED   crates/buffer/src/drain.rs:753:28: replace || with && in position_similarity in 8s build + 2s test
MISSED   crates/buffer/src/drain.rs:791:39: replace / with % in drift_for in 8s build + 2s test
MISSED   crates/buffer/src/drain.rs:791:39: replace / with * in drift_for in 7s build + 2s test
MISSED   crates/buffer/src/drain.rs:792:14: replace > with >= in drift_for in 8s build + 2s test
MISSED   crates/buffer/src/drain.rs:801:5: replace serialize_tree -> SerializableTree with Default::default() in 8s build + 2s test
MISSED   crates/buffer/src/drain.rs:811:5: replace serialize_node -> SerializableNode with Default::default() in 8s build + 2s test
MISSED   crates/buffer/src/drain.rs:834:5: replace deserialize_node -> TreeNode with Default::default() in 8s build + 2s test
MISSED   crates/buffer/src/drain.rs:849:5: replace remove_id_from_tree with () in 8s build + 2s test
MISSED   crates/buffer/src/drain.rs:855:5: replace remove_id_from_node with () in 8s build + 2s test
MISSED   crates/buffer/src/drain.rs:855:42: replace != with == in remove_id_from_node in 8s build + 2s test
TIMEOUT  crates/buffer/src/fingerprint.rs:164:11: replace += with *= in normalize_frame in 8s build + 20s test
MISSED   crates/buffer/src/fingerprint.rs:174:11: replace < with <= in is_hex_address_start in 7s build + 2s test
MISSED   crates/buffer/src/fingerprint.rs:176:50: replace == with != in is_hex_address_start in 8s build + 2s test
MISSED   crates/buffer/src/fingerprint.rs:176:45: replace + with - in is_hex_address_start in 8s build + 2s test
MISSED   crates/buffer/src/fingerprint.rs:176:45: replace + with * in is_hex_address_start in 7s build + 2s test
TIMEOUT  crates/buffer/src/fingerprint.rs:181:5: replace skip_hex_address -> usize with 0 in 8s build + 20s test
TIMEOUT  crates/buffer/src/fingerprint.rs:181:5: replace skip_hex_address -> usize with 1 in 8s build + 20s test
TIMEOUT  crates/buffer/src/fingerprint.rs:181:7: replace += with -= in skip_hex_address in 8s build + 20s test
MISSED   crates/buffer/src/fingerprint.rs:181:7: replace += with *= in skip_hex_address in 7s build + 2s test
TIMEOUT  crates/buffer/src/fingerprint.rs:183:11: replace += with *= in skip_hex_address in 8s build + 20s test
MISSED   crates/buffer/src/fingerprint.rs:202:10: replace < with <= in is_absolute_path_start in 7s build + 2s test
MISSED   crates/buffer/src/fingerprint.rs:202:53: replace < with <= in is_absolute_path_start in 7s build + 2s test
MISSED   crates/buffer/src/fingerprint.rs:202:49: replace + with * in is_absolute_path_start in 8s build + 2s test
MISSED   crates/buffer/src/fingerprint.rs:202:91: replace + with * in is_absolute_path_start in 8s build + 2s test
MISSED   crates/buffer/src/fingerprint.rs:208:9: replace && with || in is_absolute_path_start in 8s build + 2s test
MISSED   crates/buffer/src/fingerprint.rs:205:14: replace < with <= in is_absolute_path_start in 8s build + 2s test
MISSED   crates/buffer/src/fingerprint.rs:205:10: replace + with * in is_absolute_path_start in 7s build + 2s test
MISSED   crates/buffer/src/fingerprint.rs:208:51: replace == with != in is_absolute_path_start in 7s build + 2s test
MISSED   crates/buffer/src/fingerprint.rs:208:46: replace + with - in is_absolute_path_start in 7s build + 2s test
MISSED   crates/buffer/src/fingerprint.rs:208:46: replace + with * in is_absolute_path_start in 8s build + 2s test
TIMEOUT  crates/buffer/src/fingerprint.rs:216:5: replace skip_absolute_path -> usize with 0 in 7s build + 20s test
TIMEOUT  crates/buffer/src/fingerprint.rs:216:5: replace skip_absolute_path -> usize with 1 in 8s build + 20s test
MISSED   crates/buffer/src/fingerprint.rs:219:9: replace && with || in skip_absolute_path in 7s build + 2s test
MISSED   crates/buffer/src/fingerprint.rs:218:9: replace && with || in skip_absolute_path in 8s build + 2s test
MISSED   crates/buffer/src/fingerprint.rs:217:9: replace && with || in skip_absolute_path in 7s build + 2s test
MISSED   crates/buffer/src/fingerprint.rs:216:14: replace < with <= in skip_absolute_path in 7s build + 2s test
MISSED   crates/buffer/src/fingerprint.rs:216:10: replace + with * in skip_absolute_path in 8s build + 2s test
MISSED   crates/buffer/src/fingerprint.rs:219:51: replace == with != in skip_absolute_path in 7s build + 2s test
MISSED   crates/buffer/src/fingerprint.rs:219:46: replace + with - in skip_absolute_path in 7s build + 2s test
MISSED   crates/buffer/src/fingerprint.rs:219:46: replace + with * in skip_absolute_path in 8s build + 2s test
TIMEOUT  crates/buffer/src/fingerprint.rs:221:11: replace += with -= in skip_absolute_path in 8s build + 20s test
TIMEOUT  crates/buffer/src/fingerprint.rs:223:11: replace += with -= in skip_absolute_path in 7s build + 20s test
MISSED   crates/buffer/src/fingerprint.rs:223:11: replace += with *= in skip_absolute_path in 7s build + 2s test
TIMEOUT  crates/buffer/src/fingerprint.rs:226:11: replace += with -= in skip_absolute_path in 8s build + 20s test
TIMEOUT  crates/buffer/src/fingerprint.rs:226:11: replace += with *= in skip_absolute_path in 7s build + 20s test
MISSED   crates/buffer/src/fingerprint.rs:236:5: replace is_line_number_suffix -> bool with true in 7s build + 2s test
MISSED   crates/buffer/src/fingerprint.rs:236:21: replace && with || in is_line_number_suffix in 7s build + 2s test
MISSED   crates/buffer/src/fingerprint.rs:236:7: replace < with <= in is_line_number_suffix in 8s build + 2s test
TIMEOUT  crates/buffer/src/fingerprint.rs:240:5: replace skip_line_number_suffix -> usize with 0 in 8s build + 20s test
TIMEOUT  crates/buffer/src/fingerprint.rs:240:5: replace skip_line_number_suffix -> usize with 1 in 8s build + 20s test
TIMEOUT  crates/buffer/src/fingerprint.rs:240:7: replace += with -= in skip_line_number_suffix in 8s build + 20s test
MISSED   crates/buffer/src/fingerprint.rs:240:7: replace += with *= in skip_line_number_suffix in 8s build + 2s test
MISSED   crates/buffer/src/fingerprint.rs:242:11: replace += with -= in skip_line_number_suffix in 7s build + 2s test
TIMEOUT  crates/buffer/src/fingerprint.rs:242:11: replace += with *= in skip_line_number_suffix in 7s build + 20s test
MISSED   crates/buffer/src/fingerprint.rs:244:44: replace && with || in skip_line_number_suffix in 8s build + 2s test
MISSED   crates/buffer/src/fingerprint.rs:244:10: replace < with > in skip_line_number_suffix in 7s build + 2s test
MISSED   crates/buffer/src/fingerprint.rs:244:36: replace == with != in skip_line_number_suffix in 7s build + 2s test
MISSED   crates/buffer/src/fingerprint.rs:244:53: replace < with == in skip_line_number_suffix in 7s build + 2s test
MISSED   crates/buffer/src/fingerprint.rs:244:53: replace < with > in skip_line_number_suffix in 7s build + 2s test
MISSED   crates/buffer/src/fingerprint.rs:244:53: replace < with <= in skip_line_number_suffix in 7s build + 2s test
MISSED   crates/buffer/src/fingerprint.rs:244:49: replace + with - in skip_line_number_suffix in 7s build + 2s test
MISSED   crates/buffer/src/fingerprint.rs:244:49: replace + with * in skip_line_number_suffix in 7s build + 2s test
MISSED   crates/buffer/src/fingerprint.rs:244:78: replace + with - in skip_line_number_suffix in 7s build + 2s test
MISSED   crates/buffer/src/fingerprint.rs:244:78: replace + with * in skip_line_number_suffix in 7s build + 2s test
MISSED   crates/buffer/src/fingerprint.rs:245:11: replace += with -= in skip_line_number_suffix in 7s build + 2s test
MISSED   crates/buffer/src/fingerprint.rs:245:11: replace += with *= in skip_line_number_suffix in 8s build + 2s test
MISSED   crates/buffer/src/fingerprint.rs:246:17: replace < with <= in skip_line_number_suffix in 8s build + 2s test
MISSED   crates/buffer/src/fingerprint.rs:247:15: replace += with -= in skip_line_number_suffix in 7s build + 2s test
TIMEOUT  crates/buffer/src/fingerprint.rs:247:15: replace += with *= in skip_line_number_suffix in 7s build + 20s test
MISSED   crates/buffer/src/retention.rs:50:5: replace run_retention with () in 8s build + 2s test
MISSED   crates/buffer/src/retention.rs:50:50: replace / with % in run_retention in 8s build + 2s test
MISSED   crates/buffer/src/retention.rs:50:50: replace / with * in run_retention in 8s build + 2s test
MISSED   crates/buffer/src/retention.rs:202:5: replace short_err -> String with String::new() in 8s build + 2s test
MISSED   crates/buffer/src/retention.rs:202:5: replace short_err -> String with "xyzzy".into() in 7s build + 2s test
MISSED   crates/buffer/src/schema.rs:174:5: replace sanitize_duckdb_error -> String with String::new() in 8s build + 2s test
MISSED   crates/buffer/src/schema.rs:174:5: replace sanitize_duckdb_error -> String with "xyzzy".into() in 8s build + 2s test
MISSED   crates/buffer/src/state.rs:130:14: replace > with >= in BufferState::record_redactions in 7s build + 2s test
375 mutants tested in 69m: 105 missed, 233 caught, 21 unviable, 16 timeouts
