   Compiling stable_deref_trait v1.2.1
   Compiling getrandom v0.3.4
   Compiling num-traits v0.2.19
   Compiling windows-sys v0.61.2
   Compiling icu_properties_data v2.2.0
   Compiling icu_normalizer_data v2.2.0
    Checking smallvec v1.15.1
    Checking arrow-schema v58.2.0
   Compiling serde_core v1.0.228
   Compiling syn v2.0.117
   Compiling httparse v1.10.1
   Compiling crc32fast v1.5.0
   Compiling libc v0.2.186
   Compiling simd-adler32 v0.3.9
   Compiling winapi v0.3.9
   Compiling serde v1.0.228
   Compiling generic-array v0.14.7
   Compiling indexmap v2.14.0
    Checking hashbrown v0.14.5
    Checking rand_core v0.9.5
   Compiling jobserver v0.1.34
    Checking parking_lot_core v0.9.12
    Checking unicode-normalization-alignments v0.1.12
   Compiling miniz_oxide v0.8.9
   Compiling zopfli v0.8.3
   Compiling cc v1.2.61
    Checking parking_lot v0.12.5
   Compiling flate2 v1.1.9
   Compiling block-buffer v0.10.4
   Compiling crypto-common v0.1.7
   Compiling digest v0.10.7
   Compiling sha2 v0.10.9
    Checking num-integer v0.1.46
    Checking num-complex v0.4.6
    Checking chrono v0.4.44
    Checking atoi v2.0.0
   Compiling zip v6.0.0
    Checking num-bigint v0.4.6
    Checking num-iter v0.1.45
   Compiling ring v0.17.14
    Checking num-rational v0.4.2
    Checking crossterm_winapi v0.9.1
   Compiling serde_json v1.0.149
    Checking crossterm v0.28.1
    Checking mio v1.2.0
    Checking socket2 v0.6.3
    Checking num v0.4.3
   Compiling rustls v0.23.40
    Checking comfy-table v7.1.4
   Compiling tokio v1.52.1
   Compiling synstructure v0.13.2
   Compiling darling_core v0.20.11
   Compiling rustls-webpki v0.103.13
   Compiling serde_derive v1.0.228
   Compiling zerofrom-derive v0.1.7
   Compiling yoke-derive v0.8.2
   Compiling zerovec-derive v0.11.3
   Compiling displaydoc v0.2.5
   Compiling zerocopy-derive v0.8.48
   Compiling thiserror-impl v2.0.18
   Compiling thiserror-impl v1.0.69
   Compiling strum_macros v0.27.2
   Compiling monostate-impl v0.1.18
   Compiling specta-macros v2.0.0-rc.18
   Compiling tokio-macros v2.7.0
   Compiling tracing-attributes v0.1.31
    Checking monostate v0.1.18
   Compiling zerofrom v0.1.7
   Compiling yoke v0.8.2
    Checking thiserror v1.0.69
    Checking thiserror v2.0.18
    Checking tracing v0.1.44
    Checking specta v2.0.0-rc.22
   Compiling zerovec v0.11.6
   Compiling zerotrie v0.2.4
   Compiling darling_macro v0.20.11
    Checking zerocopy v0.8.48
   Compiling darling v0.20.11
    Checking strum v0.27.2
   Compiling derive_builder_core v0.20.2
   Compiling tinystr v0.8.3
   Compiling potential_utf v0.1.5
   Compiling icu_collections v2.2.0
   Compiling icu_locale_core v2.2.0
   Compiling hyper v1.9.0
   Compiling tower v0.5.3
   Compiling derive_builder_macro v0.20.2
    Checking derive_builder v0.20.2
   Compiling tower-http v0.6.8
   Compiling icu_provider v2.2.0
    Checking spm_precompiled v0.1.4
    Checking dary_heap v0.3.9
    Checking ordered-float v2.10.1
    Checking rust_decimal v1.41.0
    Checking compact_str v0.9.0
    Checking bincode v1.3.3
    Checking dashmap v6.1.0
   Compiling icu_properties v2.2.0
   Compiling icu_normalizer v2.2.0
   Compiling hyper-util v0.1.20
   Compiling serde_urlencoded v0.7.1
    Checking tdigest v0.2.3
   Compiling tokio-rustls v0.26.4
   Compiling idna_adapter v1.2.2
   Compiling hyper-rustls v0.27.9
   Compiling idna v1.1.0
   Compiling url v2.5.8
   Compiling reqwest v0.12.28
   Compiling ureq v2.12.1
    Checking half v2.7.1
    Checking ahash v0.8.12
    Checking ppv-lite86 v0.2.21
    Checking arrow-buffer v58.2.0
    Checking rand_chacha v0.9.0
    Checking rand v0.9.4
   Compiling triage v0.1.0 (D:\dev\projects\andromeda-pulse\crates\triage)
    Checking arrow-data v58.2.0
    Checking tokenizers v0.21.4
    Checking arrow-array v58.2.0
   Compiling libduckdb-sys v1.10502.0
warning: triage@0.1.0: triage: tokenizer downloaded (sha256=2247c0bccf0e9480f36dbd860f3482b1b296ea5d1ad407ce513d0778ab5b3c21); pin via ANDROMEDA_LLAMA3_TOKENIZER_SHA256 env var for reproducible builds
    Checking arrow-select v58.2.0
    Checking arrow-row v58.2.0
    Checking arrow-arith v58.2.0
    Checking arrow-ord v58.2.0
    Checking arrow-string v58.2.0
    Checking arrow-cast v58.2.0
    Checking arrow v58.2.0
    Checking duckdb v1.10502.0
 Documenting triage v0.1.0 (D:\dev\projects\andromeda-pulse\crates\triage)
warning: unclosed HTML tag `i64`
   --> crates\triage\src\incident\registry.rs:108:24
    |
108 |     /// Returns the Vec<i64> of incident ids that transitioned from unread
    |                        ^^^^^
    |
    = note: `#[warn(rustdoc::invalid_html_tags)]` on by default
help: try marking as source code
    |
108 |     /// Returns the `Vec<i64>` of incident ids that transitioned from unread
    |                     +        +

warning: `triage` (lib doc) generated 1 warning
    Finished `dev` profile [unoptimized + debuginfo] target(s) in 1m 13s
